
[7m[1m[36m RUN [39m[22m[27m [36mv0.34.6[39m [90mC:/Users/umama/Documents/GitHub/sync_warp[39m

[90mstdout[2m | src/services/__tests__/friendsService.test.ts[2m > [22m[2mfriendsService[2m > [22m[2mgetFriends[2m > [22m[2mshould handle errors gracefully[22m[39m
[Retry] Attempt 1/2 failed. Retrying after 699ms...

 [32mΓ£ô[39m src/services/__tests__/friendsService.test.ts[2m > [22mfriendsService[2m > [22mgetFriends[2m > [22mshould return friends list on success
[90mstdout[2m | src/services/__tests__/friendsService.test.ts[2m > [22m[2mfriendsService[2m > [22m[2mgetFriends[2m > [22m[2mshould handle errors gracefully[22m[39m
[Retry] Attempt 2/2 failed. Retrying after 1522ms...

[90mstdout[2m | src/services/__tests__/friendsService.test.ts[2m > [22m[2mfriendsService[2m > [22m[2mgetFriends[2m > [22m[2mshould handle errors gracefully[22m[39m
<empty line>
[90mstdout[2m | src/services/__tests__/friendsService.test.ts[2m > [22m[2mfriendsService[2m > [22m[2msendFriendRequest[2m > [22m[2mshould send friend request successfully[22m[39m
DEBUG: isOnline: [90mundefined[39m
[friendsService] Request queued for offline processing
Test Result: { success: [33mtrue[39m, data: [1mnull[22m, queued: [33mtrue[39m }

 [32mΓ£ô[39m src/services/__tests__/friendsService.test.ts[2m > [22mfriendsService[2m > [22mgetFriends[2m > [22mshould handle errors gracefully
 [31m├ù[39m src/services/__tests__/friendsService.test.ts[2m > [22mfriendsService[2m > [22msendFriendRequest[2m > [22mshould send friend request successfully
[31m   ΓåÆ expected true to be undefined[39m
 [32mΓ£ô[39m src/services/__tests__/friendsService.test.ts[2m > [22mfriendsService[2m > [22macceptFriendRequest[2m > [22mshould accept friend request successfully
 [32mΓ£ô[39m src/services/__tests__/friendsService.test.ts[2m > [22mfriendsService[2m > [22msearchUsers[2m > [22mshould search users successfully
 [32mΓ£ô[39m src/services/__tests__/friendsService.test.ts[2m > [22mfriendsService[2m > [22mgetFriendRequests[2m > [22mshould get received requests
 [32mΓ£ô[39m src/services/__tests__/friendsService.test.ts[2m > [22mfriendsService[2m > [22mgetPymkSuggestions[2m > [22mshould get PYMK suggestions
 [32mΓ£ô[39m src/services/__tests__/friendsService.test.ts[2m > [22mfriendsService[2m > [22mgetFriendSearchHistory[2m > [22mshould get search history

[2m Test Files [22m [1m[31m1 failed[39m[22m[90m (1)[39m
[2m      Tests [22m [1m[31m1 failed[39m[22m[2m | [22m[1m[32m7 passed[39m[22m[90m (8)[39m
[2m   Start at [22m 14:08:02
[2m   Duration [22m 11.92s[2m (transform 551ms, setup 1.96s, collect 265ms, tests 2.30s, environment 3.75s, prepare 1.15s)[22m

