src/components/business/BusinessProfile.tsx(221,56): error TS2304: Cannot find name 'parsedId'.
src/components/business/BusinessProfile.tsx(507,19): error TS2345: Argument of type 'Partial<Business>' is not assignable to parameter of type 'SetStateAction<Business>'.
  Type 'Partial<Business>' is not assignable to type 'Business'.
    Property 'id' is optional in type 'Partial<Business>' but required in type 'Business'.
src/components/business/BusinessProfile.tsx(1219,9): error TS2322: Type '{ message: string; onRetry: () => void; onGoBack: () => void; }' is not assignable to type 'IntrinsicAttributes & StorefrontErrorStateProps'.
  Property 'onGoBack' does not exist on type 'IntrinsicAttributes & StorefrontErrorStateProps'.
src/components/business/BusinessRegistration.tsx(236,54): error TS2339: Property 'businessName' does not exist on type '{}'.
src/components/business/BusinessRegistration.tsx(237,47): error TS2339: Property 'businessType' does not exist on type '{}'.
src/components/business/BusinessRegistration.tsx(238,43): error TS2339: Property 'category' does not exist on type '{}'.
src/components/business/BusinessRegistration.tsx(239,53): error TS2339: Property 'description' does not exist on type '{}'.
src/components/business/BusinessRegistration.tsx(241,21): error TS2339: Property 'businessEmail' does not exist on type '{}'.
src/components/business/BusinessRegistration.tsx(246,49): error TS2339: Property 'address' does not exist on type '{}'.
src/components/business/BusinessRegistration.tsx(247,46): error TS2339: Property 'city' does not exist on type '{}'.
src/components/business/BusinessRegistration.tsx(248,47): error TS2339: Property 'state' does not exist on type '{}'.
src/components/business/BusinessRegistration.tsx(250,21): error TS2339: Property 'websiteUrl' does not exist on type '{}'.
src/components/business/BusinessRegistration.tsx(820,39): error TS2339: Property 'value' does not exist on type 'EventTarget'.
src/components/business/BusinessRegistration.tsx(821,26): error TS2339: Property 'value' does not exist on type 'EventTarget'.
src/components/business/BusinessRegistration.tsx(828,38): error TS2339: Property 'previousElementSibling' does not exist on type 'EventTarget'.
src/components/business/CampaignWizard.tsx(68,7): error TS2353: Object literal may only specify known properties, and 'demographics' does not exist in type 'TargetingRules'.
src/components/business/CampaignWizard.tsx(155,32): error TS2339: Property 'behavior' does not exist on type 'TargetingRules'.
src/components/business/CampaignWizard.tsx(445,64): error TS2339: Property 'follower' does not exist on type 'TargetingRules'.
src/components/business/CampaignWizard.tsx(446,58): error TS2339: Property 'follower' does not exist on type 'TargetingRules'.
src/components/business/CampaignWizard.tsx(447,60): error TS2339: Property 'follower' does not exist on type 'TargetingRules'.
src/components/business/CampaignWizard.tsx(448,67): error TS2339: Property 'follower' does not exist on type 'TargetingRules'.
src/components/business/CampaignWizard.tsx(453,19): error TS2353: Object literal may only specify known properties, and 'follower' does not exist in type 'TargetingRules'.
src/components/business/CouponCreator.tsx(337,33): error TS2345: Argument of type 'CouponType' is not assignable to parameter of type 'DiscountType'.
  Type '"free_shipping"' is not assignable to type 'DiscountType'.
src/components/business/EnhancedProfileTab.tsx(4,31): error TS2307: Cannot find module '../../types/supabase' or its corresponding type declarations.
src/components/business/FollowerAnalyticsDashboard.tsx(221,62): error TS2362: The left-hand side of an arithmetic operation must be of type 'any', 'number', 'bigint' or an enum type.
src/components/business/FollowerMetricsWidget.tsx(67,11): error TS2345: Argument of type 'PostgrestFilterBuilder<any, any, any, { id: any; }[], "campaigns", unknown, "GET">' is not assignable to parameter of type 'readonly any[]'.
  Type 'PostgrestFilterBuilder<any, any, any, { id: any; }[], "campaigns", unknown, "GET">' is missing the following properties from type 'readonly any[]': length, concat, join, slice, and 19 more.
src/components/business/OfferManagerPage.tsx(31,11): error TS2339: Property 'extendExpiry' does not exist on type 'UseOffersReturn'.
src/components/campaign/CampaignTargetingForm.tsx(8,41): error TS2307: Cannot find module './FollowerSegmentSelector' or its corresponding type declarations.
src/components/campaign/index.ts(4,41): error TS2307: Cannot find module './FollowerSegmentSelector' or its corresponding type declarations.
src/components/campaign/index.ts(8,73): error TS2307: Cannot find module './FollowerSegmentSelector' or its corresponding type declarations.
src/components/campaign/index.ts(9,15): error TS2724: '"./CampaignTargetingForm"' has no exported member named 'CampaignTargetingFormProps'. Did you mean 'CampaignTargetingForm'?
src/components/campaign/index.ts(10,15): error TS2724: '"./CampaignAnalyticsDashboard"' has no exported member named 'CampaignAnalyticsDashboardProps'. Did you mean 'CampaignAnalyticsDashboard'?
src/components/campaign/ReachSummaryCard.tsx(62,36): error TS2339: Property 'min_purchases' does not exist on type 'TargetingRules'.
src/components/campaign/RecommendationCard.tsx(186,13): error TS2554: Expected 1 arguments, but got 2.
src/components/campaign/TargetingEditor.tsx(135,14): error TS2339: Property 'cities' does not exist on type 'TargetingRules'.
src/components/campaign/TargetingEditor.tsx(135,30): error TS2339: Property 'cities' does not exist on type 'TargetingRules'.
src/components/campaign/TargetingEditor.tsx(149,15): error TS2339: Property 'cities' does not exist on type 'TargetingRules'.
src/components/campaign/TargetingEditor.tsx(149,31): error TS2339: Property 'cities' does not exist on type 'TargetingRules'.
src/components/campaign/TargetingValidator.tsx(350,30): error TS2339: Property 'demographics' does not exist on type 'TargetingRules'.
src/components/campaign/TargetingValidator.tsx(351,26): error TS2339: Property 'location' does not exist on type 'TargetingRules'.
src/components/campaign/TargetingValidator.tsx(352,26): error TS2339: Property 'behavior' does not exist on type 'TargetingRules'.
src/components/campaign/TargetingValidator.tsx(353,25): error TS2339: Property 'vehicle' does not exist on type 'TargetingRules'.
src/components/campaign/TargetingValidator.tsx(366,13): error TS2339: Property 'demographics' does not exist on type 'TargetingRules'.
src/components/campaign/TargetingValidator.tsx(368,15): error TS2339: Property 'demographics' does not exist on type 'TargetingRules'.
src/components/campaign/TargetingValidator.tsx(368,44): error TS2339: Property 'demographics' does not exist on type 'TargetingRules'.
src/components/campaign/TargetingValidator.tsx(369,17): error TS2339: Property 'demographics' does not exist on type 'TargetingRules'.
src/components/campaign/TargetingValidator.tsx(369,45): error TS2339: Property 'demographics' does not exist on type 'TargetingRules'.
src/components/campaign/TargetingValidator.tsx(375,42): error TS2339: Property 'demographics' does not exist on type 'TargetingRules'.
src/components/campaign/TargetingValidator.tsx(375,108): error TS2339: Property 'demographics' does not exist on type 'TargetingRules'.
src/components/campaign/TargetingValidator.tsx(377,24): error TS2339: Property 'demographics' does not exist on type 'TargetingRules'.
src/components/campaign/TargetingValidator.tsx(377,52): error TS2339: Property 'demographics' does not exist on type 'TargetingRules'.
src/components/campaign/TargetingValidator.tsx(389,15): error TS2339: Property 'demographics' does not exist on type 'TargetingRules'.
src/components/campaign/TargetingValidator.tsx(390,17): error TS2339: Property 'demographics' does not exist on type 'TargetingRules'.
src/components/campaign/TargetingValidator.tsx(402,15): error TS2339: Property 'demographics' does not exist on type 'TargetingRules'.
src/components/campaign/TargetingValidator.tsx(402,46): error TS2339: Property 'demographics' does not exist on type 'TargetingRules'.
src/components/campaign/TargetingValidator.tsx(414,13): error TS2339: Property 'location' does not exist on type 'TargetingRules'.
src/components/campaign/TargetingValidator.tsx(415,15): error TS2339: Property 'location' does not exist on type 'TargetingRules'.
src/components/campaign/TargetingValidator.tsx(415,40): error TS2339: Property 'location' does not exist on type 'TargetingRules'.
src/components/campaign/TargetingValidator.tsx(425,15): error TS2339: Property 'location' does not exist on type 'TargetingRules'.
src/components/campaign/TargetingValidator.tsx(425,40): error TS2339: Property 'location' does not exist on type 'TargetingRules'.
src/components/campaign/TargetingValidator.tsx(436,15): error TS2339: Property 'location' does not exist on type 'TargetingRules'.
src/components/campaign/TargetingValidator.tsx(436,48): error TS2339: Property 'location' does not exist on type 'TargetingRules'.
src/components/campaign/TargetingValidator.tsx(448,13): error TS2339: Property 'behavior' does not exist on type 'TargetingRules'.
src/components/campaign/TargetingValidator.tsx(449,15): error TS2339: Property 'behavior' does not exist on type 'TargetingRules'.
src/components/campaign/TargetingValidator.tsx(449,49): error TS2339: Property 'behavior' does not exist on type 'TargetingRules'.
src/components/campaign/TargetingValidator.tsx(459,15): error TS2339: Property 'behavior' does not exist on type 'TargetingRules'.
src/components/campaign/TargetingValidator.tsx(459,43): error TS2339: Property 'behavior' does not exist on type 'TargetingRules'.
src/components/campaign/TargetingValidator.tsx(471,13): error TS2339: Property 'vehicle' does not exist on type 'TargetingRules'.
src/components/campaign/TargetingValidator.tsx(472,15): error TS2339: Property 'vehicle' does not exist on type 'TargetingRules'.
src/components/campaign/TargetingValidator.tsx(482,15): error TS2339: Property 'vehicle' does not exist on type 'TargetingRules'.
src/components/campaign/TargetingValidator.tsx(482,40): error TS2339: Property 'vehicle' does not exist on type 'TargetingRules'.
src/components/campaign/TargetingValidator.tsx(495,11): error TS2339: Property 'demographics' does not exist on type 'TargetingRules'.
src/components/campaign/TargetingValidator.tsx(496,11): error TS2339: Property 'demographics' does not exist on type 'TargetingRules'.
src/components/campaign/TargetingValidator.tsx(497,11): error TS2339: Property 'demographics' does not exist on type 'TargetingRules'.
src/components/campaign/TargetingValidator.tsx(498,11): error TS2339: Property 'location' does not exist on type 'TargetingRules'.
src/components/campaign/TargetingValidator.tsx(498,37): error TS2339: Property 'location' does not exist on type 'TargetingRules'.
src/components/campaign/TargetingValidator.tsx(499,11): error TS2339: Property 'location' does not exist on type 'TargetingRules'.
src/components/campaign/TargetingValidator.tsx(500,11): error TS2339: Property 'behavior' does not exist on type 'TargetingRules'.
src/components/campaign/TargetingValidator.tsx(501,11): error TS2339: Property 'vehicle' does not exist on type 'TargetingRules'.
src/components/campaign/TargetingValidator.tsx(501,35): error TS2339: Property 'vehicle' does not exist on type 'TargetingRules'.
src/components/campaign/TargetingValidator.tsx(502,11): error TS2339: Property 'vehicle' does not exist on type 'TargetingRules'.
src/components/categories/CategoryBrowserPage.tsx(226,19): error TS2739: Type 'BusinessSearchResult' is missing the following properties from type 'SearchBusiness': business_name, activeCouponsCount, relevanceScore
src/components/categories/CategoryBrowserPage.tsx(227,43): error TS2304: Cannot find name 'getBusinessUrl'.
src/components/categories/CategoryBrowserPage.tsx(227,97): error TS2339: Property 'business_name' does not exist on type 'BusinessSearchResult'.
src/components/categories/CategoryBrowserPage.tsx(236,64): error TS2339: Property 'business_name' does not exist on type 'BusinessSearchResult'.
src/components/categories/CategoryBrowserPage.tsx(237,68): error TS2339: Property 'business_type' does not exist on type 'BusinessSearchResult'.
src/components/contacts/ContactMatchesList.tsx(53,42): error TS2345: Argument of type 'string' is not assignable to parameter of type '{ receiverId: string; message?: string; }'.
src/components/ContactsSidebar.tsx(264,41): error TS2339: Property 'avatar_url' does not exist on type 'Friendship'.
src/components/ContactsSidebar.tsx(267,49): error TS2339: Property 'avatar_url' does not exist on type 'Friendship'.
src/components/ContactsSidebar.tsx(268,49): error TS2339: Property 'full_name' does not exist on type 'Friendship'.
src/components/ContactsSidebar.tsx(275,41): error TS2339: Property 'is_online' does not exist on type 'Friendship'.
src/components/ContactsSidebar.tsx(281,43): error TS2339: Property 'full_name' does not exist on type 'Friendship'.
src/components/ContactsSidebar.tsx(284,43): error TS2339: Property 'is_online' does not exist on type 'Friendship'.
src/components/ContactsSidebar.tsx(284,83): error TS2339: Property 'last_active' does not exist on type 'Friendship'.
src/components/ContactsSidebarWithTabs.tsx(80,14): error TS2551: Property 'participant1_id' does not exist on type 'ConversationWithDetails'. Did you mean 'participants'?
src/components/ContactsSidebarWithTabs.tsx(81,14): error TS2551: Property 'participant2_id' does not exist on type 'ConversationWithDetails'. Did you mean 'participants'?
src/components/discovery/BusinessDiscoveryPage.tsx(124,39): error TS2339: Property 'latitude' does not exist on type 'Coordinates'.
src/components/discovery/BusinessDiscoveryPage.tsx(125,39): error TS2339: Property 'longitude' does not exist on type 'Coordinates'.
src/components/discovery/BusinessDiscoveryPage.tsx(206,43): error TS2339: Property 'message' does not exist on type 'string'.
src/components/discovery/BusinessDiscoveryPage.tsx(294,17): error TS2322: Type '{ center: Coordinates; zoom: number; businesses: BusinessSearchResult[]; onBusinessClick: (business: any) => void; }' is not assignable to type 'IntrinsicAttributes & SimpleMapProps'.
  Property 'businesses' does not exist on type 'IntrinsicAttributes & SimpleMapProps'.
src/components/discovery/BusinessDiscoveryPage.tsx(419,99): error TS2339: Property 'latitude' does not exist on type 'Coordinates'.
src/components/discovery/BusinessDiscoveryPage.tsx(419,140): error TS2339: Property 'longitude' does not exist on type 'Coordinates'.
src/components/discovery/BusinessDiscoveryPage.tsx(455,19): error TS2322: Type '{ business: any; onClick: () => void; showDistance: boolean; showFavoriteButton: boolean; }' is not assignable to type 'IntrinsicAttributes & BusinessCardProps'.
  Property 'onClick' does not exist on type 'IntrinsicAttributes & BusinessCardProps'.
src/components/discovery/BusinessDiscoveryPage.tsx(512,21): error TS2739: Type 'BusinessSearchResult' is missing the following properties from type 'SearchBusiness': business_name, activeCouponsCount, relevanceScore
src/components/discovery/BusinessDiscoveryPage.tsx(513,99): error TS2339: Property 'business_name' does not exist on type 'BusinessSearchResult'.
src/components/discovery/BusinessDiscoveryPage.tsx(522,66): error TS2339: Property 'business_name' does not exist on type 'BusinessSearchResult'.
src/components/discovery/BusinessDiscoveryPage.tsx(523,70): error TS2339: Property 'business_type' does not exist on type 'BusinessSearchResult'.
src/components/drivers/DriverProfileCard.tsx(62,57): error TS2339: Property 'verification_status' does not exist on type 'DriverProfile'.
src/components/drivers/DriverProfileCard.tsx(81,23): error TS2339: Property 'driver_name' does not exist on type 'DriverProfile'.
src/components/drivers/DriverProfileCard.tsx(88,95): error TS2339: Property 'driver_score' does not exist on type 'DriverProfile'.
src/components/drivers/DriverProfileCard.tsx(89,19): error TS2339: Property 'driver_score' does not exist on type 'DriverProfile'.
src/components/drivers/DriverProfileCard.tsx(98,17): error TS2339: Property 'driver_tier' does not exist on type 'DriverProfile'.
src/components/drivers/DriverProfileCard.tsx(99,107): error TS2339: Property 'driver_tier' does not exist on type 'DriverProfile'.
src/components/drivers/DriverProfileCard.tsx(100,21): error TS2339: Property 'driver_tier' does not exist on type 'DriverProfile'.
src/components/drivers/DriverProfileCard.tsx(103,17): error TS2339: Property 'activity_level' does not exist on type 'DriverProfile'.
src/components/drivers/DriverProfileCard.tsx(105,21): error TS2339: Property 'activity_level' does not exist on type 'DriverProfile'.
src/components/drivers/DriverProfileCard.tsx(113,19): error TS2339: Property 'total_trips' does not exist on type 'DriverProfile'.
src/components/drivers/DriverProfileCard.tsx(116,67): error TS2339: Property 'total_trips' does not exist on type 'DriverProfile'.
src/components/drivers/DriverProfileCard.tsx(119,19): error TS2339: Property 'avg_rating' does not exist on type 'DriverProfile'.
src/components/drivers/DriverProfileCard.tsx(123,25): error TS2339: Property 'avg_rating' does not exist on type 'DriverProfile'.
src/components/drivers/DriverProfileCard.tsx(127,19): error TS2339: Property 'completion_rate' does not exist on type 'DriverProfile'.
src/components/drivers/DriverProfileCard.tsx(130,67): error TS2339: Property 'completion_rate' does not exist on type 'DriverProfile'.
src/components/drivers/DriverProfileCard.tsx(133,19): error TS2339: Property 'acceptance_rate' does not exist on type 'DriverProfile'.
src/components/drivers/DriverProfileCard.tsx(136,67): error TS2339: Property 'acceptance_rate' does not exist on type 'DriverProfile'.
src/components/drivers/DriverProfileCard.tsx(139,19): error TS2339: Property 'on_time_rate' does not exist on type 'DriverProfile'.
src/components/drivers/DriverProfileCard.tsx(142,67): error TS2339: Property 'on_time_rate' does not exist on type 'DriverProfile'.
src/components/drivers/DriverProfileCard.tsx(145,19): error TS2339: Property 'cancellation_rate' does not exist on type 'DriverProfile'.
src/components/drivers/DriverProfileCard.tsx(148,67): error TS2339: Property 'cancellation_rate' does not exist on type 'DriverProfile'.
src/components/drivers/DriverProfileCard.tsx(155,30): error TS2339: Property 'score_components' does not exist on type 'DriverProfile'.
src/components/drivers/DriverProfileCard.tsx(159,36): error TS2339: Property 'score_components' does not exist on type 'DriverProfile'.
src/components/EnhancedFavoritesPage.tsx(204,55): error TS2339: Property 'favorite' does not exist on type 'FavoriteShare'.
src/components/EnhancedFavoritesPage.tsx(204,73): error TS2339: Property 'favorite' does not exist on type 'FavoriteShare'.
src/components/favorites/FavoritesPage.tsx(412,28): error TS2339: Property 'review_count' does not exist on type 'FavoriteBusiness'.
src/components/favorites/FavoritesPage.tsx(413,30): error TS2339: Property 'follower_count' does not exist on type 'FavoriteBusiness'.
src/components/favorites/FavoritesPage.tsx(415,24): error TS2339: Property 'logo_url' does not exist on type 'FavoriteBusiness'.
src/components/favorites/FavoritesPage.tsx(416,31): error TS2339: Property 'cover_image_url' does not exist on type 'FavoriteBusiness'.
src/components/favorites/UnifiedFavoritesPage.tsx(145,23): error TS2322: Type '{ productId: string; productName: string; variant: "icon"; size: "icon"; className: string; onClick: (e: any) => any; }' is not assignable to type 'IntrinsicAttributes & FavoriteProductButtonProps'.
  Property 'onClick' does not exist on type 'IntrinsicAttributes & FavoriteProductButtonProps'.
src/components/FollowButton.tsx(3,25): error TS2307: Cannot find module '../contexts/AuthContext' or its corresponding type declarations.
src/components/following/FollowerFeed.tsx(36,36): error TS2304: Cannot find name 'FollowerUpdate'.
src/components/following/FollowerFeed.tsx(118,36): error TS2339: Property 'action_url' does not exist on type 'FollowerNotification'.
src/components/following/FollowerFeed.tsx(159,25): error TS2339: Property 'message' does not exist on type 'FollowerNotification'.
src/components/following/FollowerFeed.tsx(160,82): error TS2339: Property 'message' does not exist on type 'FollowerNotification'.
src/components/following/FollowerFeed.tsx(164,25): error TS2339: Property 'metadata' does not exist on type 'FollowerNotification'.
src/components/following/FollowerFeed.tsx(166,29): error TS2339: Property 'metadata' does not exist on type 'FollowerNotification'.
src/components/following/FollowerFeed.tsx(167,62): error TS2339: Property 'metadata' does not exist on type 'FollowerNotification'.
src/components/following/FollowerFeed.tsx(169,29): error TS2339: Property 'metadata' does not exist on type 'FollowerNotification'.
src/components/following/FollowerFeed.tsx(171,33): error TS2339: Property 'metadata' does not exist on type 'FollowerNotification'.
src/components/FriendActivityFeed.tsx(36,11): error TS2339: Property 'friendActivities' does not exist on type 'UseFriendsReturn'.
src/components/FriendActivityFeed.tsx(36,47): error TS2339: Property 'refreshActivities' does not exist on type 'UseFriendsReturn'.
src/components/FriendIntegration.tsx(115,16): error TS2304: Cannot find name 'FriendManagement'.
src/components/friends/RecentActivityFeed.tsx(1,28): error TS2307: Cannot find module '@/components/ui/scroll-area' or its corresponding type declarations.
src/components/FriendsManagementPage.tsx(409,18): error TS2739: Type '{}' is missing the following properties from type 'AddFriendProps': isOpen, onClose
src/components/FriendsManagementPage.tsx(428,11): error TS2322: Type '{ recipientId: string; onClose: () => void; }' is not assignable to type 'IntrinsicAttributes & ShareDealProps'.
  Property 'recipientId' does not exist on type 'IntrinsicAttributes & ShareDealProps'.
src/components/LocationManager.tsx(261,21): error TS2322: Type '(options?: PositionOptions) => Promise<LocationInfo>' is not assignable to type 'MouseEventHandler<HTMLButtonElement>'.
  Types of parameters 'options' and 'event' are incompatible.
    Type 'MouseEvent<HTMLButtonElement, MouseEvent>' has no properties in common with type 'PositionOptions'.
src/components/maps/GoogleMapsLocationPicker.tsx(286,14): error TS2769: No overload matches this call.
  Overload 2 of 2, '(props: MarkerProps, context: any): Marker', gave the following error.
    Type 'Size | { width: number; height: number; }' is not assignable to type 'Size'.
      Property 'equals' is missing in type '{ width: number; height: number; }' but required in type 'Size'.
  Overload 2 of 2, '(props: MarkerProps, context: any): Marker', gave the following error.
    Type 'Point | { x: number; y: number; }' is not assignable to type '((name: string) => string) | Point'.
      Type '{ x: number; y: number; }' is not assignable to type '((name: string) => string) | Point'.
        Property 'equals' is missing in type '{ x: number; y: number; }' but required in type 'Point'.
src/components/messaging/ChatScreen.tsx(98,20): error TS2339: Property 'remove' does not exist on type 'Promise<PluginListenerHandle>'.
src/components/messaging/ChatScreen.tsx(99,20): error TS2339: Property 'remove' does not exist on type 'Promise<PluginListenerHandle>'.
src/components/messaging/ChatScreen.tsx(113,16): error TS2339: Property 'remove' does not exist on type 'Promise<PluginListenerHandle>'.
src/components/messaging/ConversationCard.tsx(59,5): error TS2339: Property 'participant1_id' does not exist on type 'ConversationWithDetails'.
src/components/messaging/ConversationCard.tsx(60,5): error TS2339: Property 'participant2_id' does not exist on type 'ConversationWithDetails'.
src/components/messaging/FriendPickerModal.tsx(36,12): error TS2551: Property 'participant1_id' does not exist on type 'ConversationWithDetails'. Did you mean 'participants'?
src/components/messaging/FriendPickerModal.tsx(37,12): error TS2551: Property 'participant2_id' does not exist on type 'ConversationWithDetails'. Did you mean 'participants'?
src/components/messaging/MessageComposer.tsx(68,9): error TS2353: Object literal may only specify known properties, and 'contentType' does not exist in type 'SendMessageParams'.
src/components/messaging/MessageUserButton.tsx(13,23): error TS2307: Cannot find module 'react-toastify' or its corresponding type declarations.
src/components/modals/CouponDetailsModal.tsx(507,42): error TS2304: Cannot find name 'businessName'.
src/components/offers/CreateOfferForm.tsx(159,9): error TS2353: Object literal may only specify known properties, and 'status' does not exist in type 'Partial<OfferFormData>'.
src/components/offers/CreateOfferForm.tsx(178,9): error TS2353: Object literal may only specify known properties, and 'status' does not exist in type 'Partial<OfferFormData>'.
src/components/products/AllProducts.tsx(88,60): error TS2339: Property 'business' does not exist on type 'Product'.
src/components/products/ProductCard.tsx(70,63): error TS2339: Property 'business' does not exist on type 'Product'.
src/components/products/ProductCard.tsx(232,17): error TS2322: Type '{ productId: string; variant: "icon"; size: "sm"; onClick: (e: any) => any; }' is not assignable to type 'IntrinsicAttributes & FavoriteProductButtonProps'.
  Property 'onClick' does not exist on type 'IntrinsicAttributes & FavoriteProductButtonProps'.
src/components/products/ProductDetails.tsx(72,35): error TS2339: Property 'business' does not exist on type 'Product'.
src/components/products/ProductGrid.tsx(31,60): error TS2339: Property 'business' does not exist on type 'Product'.
src/components/profile/ProfileSettings.tsx(8,35): error TS2339: Property 'logout' does not exist on type 'AuthState'.
src/components/reviews/AllReviews.tsx(24,5): error TS2339: Property 'isLoading' does not exist on type '{ reviews: BusinessReviewWithDetails[]; loading: boolean; loadingMore: boolean; hasMore: boolean; error: string; loadMore: () => Promise<void>; refresh: () => Promise<...>; page: number; totalLoaded: number; }'.
src/components/reviews/AllReviews.tsx(28,38): error TS2554: Expected 1 arguments, but got 2.
src/components/reviews/AllReviews.tsx(81,39): error TS2741: Property 'rating' is missing in type 'BusinessReviewWithDetails' but required in type '{ id: string; user_id: string; rating: number; review_text?: string; created_at: string; user_name?: string; user_avatar?: string; }'.
src/components/reviews/ReviewCard.tsx(80,35): error TS2339: Property 'business_name' does not exist on type 'BusinessReviewWithDetails'.
src/components/reviews/ReviewCard.tsx(83,65): error TS2339: Property 'business_name' does not exist on type 'BusinessReviewWithDetails'.
src/components/Search.tsx(575,25): error TS2322: Type 'LocationCoords' is not assignable to type 'boolean'.
src/components/Search.tsx(613,25): error TS2322: Type 'LocationCoords' is not assignable to type 'boolean'.
src/components/search/AdvancedSearchPage.tsx(119,47): error TS2339: Property 'latitude' does not exist on type 'Coordinates'.
src/components/search/AdvancedSearchPage.tsx(120,48): error TS2339: Property 'longitude' does not exist on type 'Coordinates'.
src/components/search/AdvancedSearchPage.tsx(560,19): error TS2739: Type 'BusinessSearchResult' is missing the following properties from type 'SearchBusiness': business_name, activeCouponsCount, relevanceScore
src/components/search/AdvancedSearchPage.tsx(561,43): error TS2304: Cannot find name 'getBusinessUrl'.
src/components/search/AdvancedSearchPage.tsx(561,97): error TS2339: Property 'business_name' does not exist on type 'BusinessSearchResult'.
src/components/search/AdvancedSearchPage.tsx(572,64): error TS2339: Property 'business_name' does not exist on type 'BusinessSearchResult'.
src/components/search/AdvancedSearchPage.tsx(573,68): error TS2339: Property 'business_type' does not exist on type 'BusinessSearchResult'.
src/components/search/CouponCard.tsx(307,27): error TS2339: Property 'business_name' does not exist on type 'SearchCoupon'.
src/components/search/CouponCard.tsx(312,65): error TS2339: Property 'business_name' does not exist on type 'SearchCoupon'.
src/components/search/CouponCard.tsx(316,31): error TS2339: Property 'business_name' does not exist on type 'SearchCoupon'.
src/components/shared/SharedComponents.tsx(23,5): error TS2353: Object literal may only specify known properties, and 'scheduled' does not exist in type 'Record<"rejected" | "active" | "draft" | "paused" | "completed" | "pending_approval" | "approved", string>'.
src/components/ShareDealSimple.tsx(48,5): error TS2339: Property 'permissionCheck' does not exist on type 'UseSharingLimitsReturn'.
src/components/ShareDealSimple.tsx(49,5): error TS2339: Property 'isLoading' does not exist on type 'UseSharingLimitsReturn'.
src/components/ShareDealSimple.tsx(50,5): error TS2339: Property 'checkPermission' does not exist on type 'UseSharingLimitsReturn'.
src/components/ShareDealSimple.tsx(51,5): error TS2339: Property 'logShare' does not exist on type 'UseSharingLimitsReturn'.
src/components/Sharing/FriendSelector.tsx(95,24): error TS2339: Property 'per_friend_stats' does not exist on type 'SharingStatsToday'.
src/components/Sharing/FriendSelector.tsx(96,25): error TS2339: Property 'per_friend_stats' does not exist on type 'SharingStatsToday'.
src/components/Sharing/FriendSelector.tsx(122,35): error TS2339: Property 'limits' does not exist on type 'SharingStatsToday'.
src/components/Sharing/FriendSelector.tsx(187,49): error TS2551: Property 'total_shares_today' does not exist on type 'SharingStatsToday'. Did you mean 'total_shared_today'?
src/components/Sharing/FriendSelector.tsx(226,43): error TS2339: Property 'limits' does not exist on type 'SharingStatsToday'.
src/components/sharing/index.ts(5,39): error TS1149: File name 'C:/Users/umama/Documents/GitHub/sync_warp/src/components/sharing/StorefrontShareButton.tsx' differs from already included file name 'C:/Users/umama/Documents/GitHub/sync_warp/src/components/Sharing/StorefrontShareButton.tsx' only in casing.
  The file is in the program because:
    Imported via '../Sharing/StorefrontShareButton' from file 'C:/Users/umama/Documents/GitHub/sync_warp/src/components/business/BusinessProfile.tsx'
    Imported via './StorefrontShareButton' from file 'C:/Users/umama/Documents/GitHub/sync_warp/src/components/sharing/index.ts'
    Imported via './StorefrontShareButton' from file 'C:/Users/umama/Documents/GitHub/sync_warp/src/components/sharing/index.ts'
    Matched by include pattern 'src' in 'C:/Users/umama/Documents/GitHub/sync_warp/tsconfig.json'
src/components/sharing/index.ts(6,49): error TS1149: File name 'C:/Users/umama/Documents/GitHub/sync_warp/src/components/sharing/StorefrontShareButton.tsx' differs from already included file name 'C:/Users/umama/Documents/GitHub/sync_warp/src/components/Sharing/StorefrontShareButton.tsx' only in casing.
  The file is in the program because:
    Imported via '../Sharing/StorefrontShareButton' from file 'C:/Users/umama/Documents/GitHub/sync_warp/src/components/business/BusinessProfile.tsx'
    Imported via './StorefrontShareButton' from file 'C:/Users/umama/Documents/GitHub/sync_warp/src/components/sharing/index.ts'
    Imported via './StorefrontShareButton' from file 'C:/Users/umama/Documents/GitHub/sync_warp/src/components/sharing/index.ts'
    Matched by include pattern 'src' in 'C:/Users/umama/Documents/GitHub/sync_warp/tsconfig.json'
src/components/sharing/index.ts(8,36): error TS1149: File name 'C:/Users/umama/Documents/GitHub/sync_warp/src/components/sharing/ProductShareButton.tsx' differs from already included file name 'C:/Users/umama/Documents/GitHub/sync_warp/src/components/Sharing/ProductShareButton.tsx' only in casing.
  The file is in the program because:
    Imported via '../Sharing/ProductShareButton' from file 'C:/Users/umama/Documents/GitHub/sync_warp/src/components/products/ProductCard.tsx'
    Imported via '../Sharing/ProductShareButton' from file 'C:/Users/umama/Documents/GitHub/sync_warp/src/components/products/ProductDetails.tsx'
    Imported via './ProductShareButton' from file 'C:/Users/umama/Documents/GitHub/sync_warp/src/components/sharing/index.ts'
    Imported via './ProductShareButton' from file 'C:/Users/umama/Documents/GitHub/sync_warp/src/components/sharing/index.ts'
    Matched by include pattern 'src' in 'C:/Users/umama/Documents/GitHub/sync_warp/tsconfig.json'
src/components/sharing/index.ts(9,46): error TS1149: File name 'C:/Users/umama/Documents/GitHub/sync_warp/src/components/sharing/ProductShareButton.tsx' differs from already included file name 'C:/Users/umama/Documents/GitHub/sync_warp/src/components/Sharing/ProductShareButton.tsx' only in casing.
  The file is in the program because:
    Imported via '../Sharing/ProductShareButton' from file 'C:/Users/umama/Documents/GitHub/sync_warp/src/components/products/ProductCard.tsx'
    Imported via '../Sharing/ProductShareButton' from file 'C:/Users/umama/Documents/GitHub/sync_warp/src/components/products/ProductDetails.tsx'
    Imported via './ProductShareButton' from file 'C:/Users/umama/Documents/GitHub/sync_warp/src/components/sharing/index.ts'
    Imported via './ProductShareButton' from file 'C:/Users/umama/Documents/GitHub/sync_warp/src/components/sharing/index.ts'
    Matched by include pattern 'src' in 'C:/Users/umama/Documents/GitHub/sync_warp/tsconfig.json'
src/components/sharing/index.ts(12,35): error TS1261: Already included file name 'C:/Users/umama/Documents/GitHub/sync_warp/src/components/sharing/FriendPickerModal.tsx' differs from file name 'C:/Users/umama/Documents/GitHub/sync_warp/src/components/Sharing/FriendPickerModal.tsx' only in casing.
  The file is in the program because:
    Imported via './FriendPickerModal' from file 'C:/Users/umama/Documents/GitHub/sync_warp/src/components/sharing/index.ts'
    Matched by include pattern 'src' in 'C:/Users/umama/Documents/GitHub/sync_warp/tsconfig.json'
src/components/Sharing/LimitExceededModal.tsx(12,45): error TS2307: Cannot find module '../types/sharingLimits' or its corresponding type declarations.
src/components/Sharing/ShareCouponModal.tsx(93,61): error TS2554: Expected 2 arguments, but got 3.
src/components/Sharing/ShareCouponModal.tsx(201,33): error TS2339: Property 'image_url' does not exist on type 'Coupon'.
src/components/Sharing/ShareCouponModal.tsx(203,41): error TS2339: Property 'image_url' does not exist on type 'Coupon'.
src/components/Sharing/ShareCouponModal.tsx(221,39): error TS2339: Property 'business_name' does not exist on type 'Coupon'.
src/components/Sharing/ShareCouponModal.tsx(223,37): error TS2339: Property 'expires_at' does not exist on type 'Coupon'.
src/components/Sharing/ShareCouponModal.tsx(226,62): error TS2339: Property 'expires_at' does not exist on type 'Coupon'.
src/components/Sharing/ShareCouponModal.tsx(229,37): error TS2339: Property 'minimum_purchase' does not exist on type 'Coupon'.
src/components/Sharing/ShareCouponModal.tsx(232,57): error TS2339: Property 'minimum_purchase' does not exist on type 'Coupon'.
src/components/Sharing/ShareCouponModal.tsx(298,66): error TS2339: Property 'per_friend_limit' does not exist on type 'SharingLimits'.
src/components/Sharing/ShareCouponModal.tsx(407,9): error TS2322: Type '{ isOpen: boolean; onClose: () => void; stats: SharingStatsToday; limits: SharingLimits; }' is not assignable to type 'IntrinsicAttributes & LimitExceededModalProps'.
  Property 'isOpen' does not exist on type 'IntrinsicAttributes & LimitExceededModalProps'. Did you mean 'open'?
src/components/Sharing/SharingStatsCard.tsx(11,35): error TS2307: Cannot find module '../types/sharingLimits' or its corresponding type declarations.
src/components/user/CouponBrowser.tsx(16,3): error TS2305: Module '"../../types/coupon"' has no exported member 'CouponCategory'.
src/components/user/CouponBrowser.tsx(76,11): error TS2339: Property 'collectCoupon' does not exist on type '{ coupons: Coupon[]; coupon: Coupon; loading: boolean; error: string; fetchCoupons: (targetBusinessId?: string, filters?: CouponFilters) => Promise<any[]>; ... 13 more ...; generateCouponCode: (type?: string) => string; }'.
src/components/user/CouponBrowser.tsx(76,26): error TS2339: Property 'getUserCollectedCoupons' does not exist on type '{ coupons: Coupon[]; coupon: Coupon; loading: boolean; error: string; fetchCoupons: (targetBusinessId?: string, filters?: CouponFilters) => Promise<any[]>; ... 13 more ...; generateCouponCode: (type?: string) => string; }'.
src/components/user/CouponBrowser.tsx(108,13): error TS2339: Property 'info' does not exist on type '{ (message: Message, opts?: Partial<Pick<Toast, "style" | "id" | "icon" | "className" | "position" | "duration" | "ariaProps" | "iconTheme" | "toasterId" | "removeDelay">>): string; ... 8 more ...; promise<T>(promise: Promise<...> | (() => Promise<...>), msgs: { ...; }, opts?: DefaultToastOptions): Promise<...>; }'.
src/components/user/CouponBrowser.tsx(153,50): error TS2339: Property 'category' does not exist on type 'Coupon'.
src/components/user/CouponBrowser.tsx(154,57): error TS2339: Property 'expires_at' does not exist on type 'Coupon'.
src/components/user/CouponBrowser.tsx(163,23): error TS2339: Property 'business_name' does not exist on type 'Coupon'.
src/components/user/CouponBrowser.tsx(171,23): error TS2339: Property 'business_name' does not exist on type 'Coupon'.
src/components/user/CouponBrowser.tsx(190,48): error TS2339: Property 'expires_at' does not exist on type 'Coupon'.
src/components/user/CouponBrowser.tsx(191,48): error TS2339: Property 'expires_at' does not exist on type 'Coupon'.
src/components/user/CouponBrowser.tsx(199,51): error TS2339: Property 'business_latitude' does not exist on type 'Coupon'.
src/components/user/CouponBrowser.tsx(199,77): error TS2339: Property 'business_longitude' does not exist on type 'Coupon'.
src/components/user/CouponBrowser.tsx(200,51): error TS2339: Property 'business_latitude' does not exist on type 'Coupon'.
src/components/user/CouponBrowser.tsx(200,77): error TS2339: Property 'business_longitude' does not exist on type 'Coupon'.
src/components/user/CouponBrowser.tsx(258,53): error TS2339: Property 'expires_at' does not exist on type 'Coupon'.
src/components/user/CouponBrowser.tsx(265,29): error TS2339: Property 'business_name' does not exist on type 'Coupon'.
src/components/user/CouponBrowser.tsx(266,24): error TS2339: Property 'business' does not exist on type 'Coupon'.
src/components/user/CouponBrowser.tsx(284,54): error TS2339: Property 'expires_at' does not exist on type 'Coupon'.
src/components/user/CouponBrowser.tsx(285,35): error TS2339: Property 'business_name' does not exist on type 'Coupon'.
src/components/user/CouponBrowser.tsx(285,59): error TS2339: Property 'business' does not exist on type 'Coupon'.
src/components/user/CouponBrowser.tsx(286,30): error TS2339: Property 'business' does not exist on type 'Coupon'.
src/components/user/CouponBrowser.tsx(527,28): error TS2339: Property 'business_latitude' does not exist on type 'Coupon'.
src/components/user/CouponBrowser.tsx(528,28): error TS2339: Property 'business_longitude' does not exist on type 'Coupon'.
src/components/user/CouponRedemption.tsx(99,32): error TS2339: Property 'business_id' does not exist on type 'UserCouponCollection'.
src/components/user/CouponRedemption.tsx(130,16): error TS2339: Property 'expires_at' does not exist on type 'Coupon'.
src/components/user/CouponRedemption.tsx(133,44): error TS2339: Property 'expires_at' does not exist on type 'Coupon'.
src/components/user/CouponRedemption.tsx(175,9): error TS2554: Expected 2 arguments, but got 3.
src/components/user/CouponRedemption.tsx(214,51): error TS2339: Property 'business_name' does not exist on type 'Coupon'.
src/components/user/CouponRedemption.tsx(234,48): error TS2339: Property 'minimum_purchase' does not exist on type 'Coupon'.
src/components/user/CouponRedemption.tsx(236,17): error TS2339: Property 'value' does not exist on type 'Coupon'.
src/components/user/CouponRedemption.tsx(236,39): error TS2339: Property 'minimum_purchase' does not exist on type 'Coupon'.
src/components/user/CouponRedemption.tsx(237,16): error TS2339: Property 'maximum_discount' does not exist on type 'Coupon'.
src/components/user/CouponRedemption.tsx(241,28): error TS2339: Property 'value' does not exist on type 'Coupon'.
src/components/user/CouponRedemption.tsx(247,24): error TS2339: Property 'value' does not exist on type 'Coupon'.
src/components/user/CouponRedemption.tsx(249,23): error TS2339: Property 'value' does not exist on type 'Coupon'.
src/components/user/CouponRedemption.tsx(308,55): error TS2339: Property 'business_name' does not exist on type 'Coupon'.
src/components/user/CouponRedemption.tsx(310,23): error TS2339: Property 'business_address' does not exist on type 'Coupon'.
src/components/user/CouponRedemption.tsx(313,33): error TS2339: Property 'business_address' does not exist on type 'Coupon'.
src/components/user/CouponRedemption.tsx(404,25): error TS2339: Property 'minimum_purchase' does not exist on type 'Coupon'.
src/components/user/CouponRedemption.tsx(407,54): error TS2339: Property 'minimum_purchase' does not exist on type 'Coupon'.
src/components/user/CouponRedemption.tsx(410,25): error TS2339: Property 'maximum_discount' does not exist on type 'Coupon'.
src/components/user/CouponRedemption.tsx(413,54): error TS2339: Property 'maximum_discount' does not exist on type 'Coupon'.
src/components/user/CouponWallet.tsx(17,3): error TS2305: Module '"../../types/coupon"' has no exported member 'CouponCategory'.
src/components/user/CouponWallet.tsx(150,55): error TS2339: Property 'business_id' does not exist on type 'UserCouponCollection'.
src/components/user/CouponWallet.tsx(153,35): error TS2339: Property 'coupon' does not exist on type 'UserCouponCollection'.
src/components/user/CouponWallet.tsx(207,26): error TS2339: Property 'coupon' does not exist on type 'UserCouponCollection'.
src/components/user/CouponWallet.tsx(217,16): error TS2339: Property 'expires_at' does not exist on type 'Coupon'.
src/components/user/CouponWallet.tsx(219,42): error TS2339: Property 'expires_at' does not exist on type 'Coupon'.
src/components/user/CouponWallet.tsx(226,16): error TS2339: Property 'usage_limit' does not exist on type 'Coupon'.
src/components/user/CouponWallet.tsx(226,38): error TS2551: Property 'used_count' does not exist on type 'Coupon'. Did you mean 'usage_count'?
src/components/user/CouponWallet.tsx(226,59): error TS2339: Property 'usage_limit' does not exist on type 'Coupon'.
src/components/user/CouponWallet.tsx(245,33): error TS2339: Property 'coupon' does not exist on type 'UserCouponCollection'.
src/components/user/CouponWallet.tsx(287,41): error TS2339: Property 'coupon' does not exist on type 'UserCouponCollection'.
src/components/user/CouponWallet.tsx(288,41): error TS2339: Property 'coupon' does not exist on type 'UserCouponCollection'.
src/components/user/CouponWallet.tsx(301,18): error TS2339: Property 'coupon' does not exist on type 'UserCouponCollection'.
src/components/user/CouponWallet.tsx(301,42): error TS2339: Property 'coupon' does not exist on type 'UserCouponCollection'.
src/components/user/CouponWallet.tsx(302,18): error TS2339: Property 'coupon' does not exist on type 'UserCouponCollection'.
src/components/user/CouponWallet.tsx(303,18): error TS2339: Property 'coupon' does not exist on type 'UserCouponCollection'.
src/components/user/CouponWallet.tsx(304,29): error TS2339: Property 'coupon' does not exist on type 'UserCouponCollection'.
src/components/user/CouponWallet.tsx(304,71): error TS2339: Property 'coupon' does not exist on type 'UserCouponCollection'.
src/components/user/CouponWallet.tsx(306,28): error TS2339: Property 'coupon' does not exist on type 'UserCouponCollection'.
src/components/user/CouponWallet.tsx(306,61): error TS2339: Property 'coupon' does not exist on type 'UserCouponCollection'.
src/components/user/CouponWallet.tsx(306,78): error TS2339: Property 'coupon' does not exist on type 'UserCouponCollection'.
src/components/user/CouponWallet.tsx(307,28): error TS2339: Property 'coupon' does not exist on type 'UserCouponCollection'.
src/components/user/CouponWallet.tsx(307,61): error TS2339: Property 'coupon' does not exist on type 'UserCouponCollection'.
src/components/user/CouponWallet.tsx(307,78): error TS2339: Property 'coupon' does not exist on type 'UserCouponCollection'.
src/components/user/CouponWallet.tsx(310,20): error TS2339: Property 'coupon' does not exist on type 'UserCouponCollection'.
src/components/user/CouponWallet.tsx(310,57): error TS2339: Property 'coupon' does not exist on type 'UserCouponCollection'.
src/components/user/CouponWallet.tsx(323,67): error TS2339: Property 'coupon' does not exist on type 'UserCouponCollection'.
src/components/user/CouponWallet.tsx(324,69): error TS2339: Property 'coupon' does not exist on type 'UserCouponCollection'.
src/components/user/CouponWallet.tsx(325,68): error TS2339: Property 'coupon' does not exist on type 'UserCouponCollection'.
src/components/user/CouponWallet.tsx(326,69): error TS2339: Property 'coupon' does not exist on type 'UserCouponCollection'.
src/components/user/CouponWallet.tsx(331,38): error TS2339: Property 'coupon' does not exist on type 'UserCouponCollection'.
src/components/user/CouponWallet.tsx(333,26): error TS2339: Property 'coupon' does not exist on type 'UserCouponCollection'.
src/components/user/CouponWallet.tsx(346,24): error TS2339: Property 'value' does not exist on type 'Coupon'.
src/components/user/CouponWallet.tsx(348,23): error TS2339: Property 'value' does not exist on type 'Coupon'.
src/components/user/CouponWallet.tsx(396,24): error TS2339: Property 'business' does not exist on type 'Coupon'.
src/components/user/CouponWallet.tsx(414,54): error TS2339: Property 'expires_at' does not exist on type 'Coupon'.
src/components/user/CouponWallet.tsx(415,35): error TS2339: Property 'business' does not exist on type 'Coupon'.
src/components/user/CouponWallet.tsx(416,30): error TS2339: Property 'business' does not exist on type 'Coupon'.
src/components/user/CouponWallet.tsx(417,26): error TS2339: Property 'business' does not exist on type 'Coupon'.
src/components/user/CouponWallet.tsx(418,37): error TS2339: Property 'business' does not exist on type 'Coupon'.
src/components/user/CouponWallet.tsx(643,38): error TS2339: Property 'coupon' does not exist on type 'UserCouponCollection'.
src/hooks/index.ts(28,3): error TS2614: Module '"./useDrivers"' has no exported member 'DriverServiceError'. Did you mean to use 'import DriverServiceError from "./useDrivers"' instead?
src/hooks/index.ts(31,8): error TS2614: Module '"./useDrivers"' has no exported member 'DriverListOptions'. Did you mean to use 'import DriverListOptions from "./useDrivers"' instead?
src/hooks/index.ts(32,8): error TS2614: Module '"./useDrivers"' has no exported member 'DriverFilters'. Did you mean to use 'import DriverFilters from "./useDrivers"' instead?
src/hooks/useAdvancedSearch.ts(127,49): error TS2339: Property 'latitude' does not exist on type 'Coordinates'.
src/hooks/useAdvancedSearch.ts(128,50): error TS2339: Property 'longitude' does not exist on type 'Coordinates'.
src/hooks/useAdvancedSearch.ts(200,47): error TS2339: Property 'latitude' does not exist on type 'Coordinates'.
src/hooks/useAdvancedSearch.ts(201,48): error TS2339: Property 'longitude' does not exist on type 'Coordinates'.
src/hooks/useAdvancedSearch.ts(296,47): error TS2339: Property 'latitude' does not exist on type 'Coordinates'.
src/hooks/useAdvancedSearch.ts(297,48): error TS2339: Property 'longitude' does not exist on type 'Coordinates'.
src/hooks/useBlock.ts(17,25): error TS2307: Cannot find module '../contexts/AuthContext' or its corresponding type declarations.
src/hooks/useBusinessFollowing.ts(173,11): error TS2353: Object literal may only specify known properties, and 'description' does not exist in type 'Partial<Pick<Toast, "style" | "id" | "icon" | "className" | "position" | "duration" | "ariaProps" | "iconTheme" | "toasterId" | "removeDelay">>'.
src/hooks/useBusinessFollowing.ts(217,11): error TS2353: Object literal may only specify known properties, and 'description' does not exist in type 'Partial<Pick<Toast, "style" | "id" | "icon" | "className" | "position" | "duration" | "ariaProps" | "iconTheme" | "toasterId" | "removeDelay">>'.
src/hooks/useBusinessFollowing.ts(227,11): error TS2353: Object literal may only specify known properties, and 'description' does not exist in type 'Partial<Pick<Toast, "style" | "id" | "icon" | "className" | "position" | "duration" | "ariaProps" | "iconTheme" | "toasterId" | "removeDelay">>'.
src/hooks/useBusinessFollowing.ts(257,11): error TS2353: Object literal may only specify known properties, and 'description' does not exist in type 'Partial<Pick<Toast, "style" | "id" | "icon" | "className" | "position" | "duration" | "ariaProps" | "iconTheme" | "toasterId" | "removeDelay">>'.
src/hooks/useBusinessFollowing.ts(266,11): error TS2353: Object literal may only specify known properties, and 'description' does not exist in type 'Partial<Pick<Toast, "style" | "id" | "icon" | "className" | "position" | "duration" | "ariaProps" | "iconTheme" | "toasterId" | "removeDelay">>'.
src/hooks/useBusinessFollowing.ts(318,11): error TS2353: Object literal may only specify known properties, and 'description' does not exist in type 'Partial<Pick<Toast, "style" | "id" | "icon" | "className" | "position" | "duration" | "ariaProps" | "iconTheme" | "toasterId" | "removeDelay">>'.
src/hooks/useBusinessFollowing.ts(326,11): error TS2353: Object literal may only specify known properties, and 'description' does not exist in type 'Partial<Pick<Toast, "style" | "id" | "icon" | "className" | "position" | "duration" | "ariaProps" | "iconTheme" | "toasterId" | "removeDelay">>'.
src/hooks/useCampaigns.ts(17,3): error TS2305: Module '"../types/campaigns"' has no exported member 'AdFormat'.
src/hooks/useCheckins.ts(390,18): error TS2304: Cannot find name 'gtag'.
src/hooks/useCheckins.ts(391,9): error TS2304: Cannot find name 'gtag'.
src/hooks/useConversations.ts(68,7): error TS2345: Argument of type '(conversationUpdate: any) => void' is not assignable to parameter of type 'ConversationUpdateCallback'.
  Target signature provides too few arguments. Expected 1 or more, but got 0.
src/hooks/useConversations.ts(69,52): error TS2339: Property 'id' does not exist on type 'ConversationWithDetails'.
src/hooks/useConversations.ts(105,24): error TS2339: Property 'remove' does not exist on type 'Promise<PluginListenerHandle>'.
src/hooks/useCoupons.ts(376,53): error TS2353: Object literal may only specify known properties, and 'status' does not exist in type 'Partial<CouponFormData>'.
src/hooks/useCoupons.ts(853,23): error TS2341: Property 'cache' is private and only accessible within class 'CouponService'.
src/hooks/useFavoriteProducts.ts(119,46): error TS2339: Property 'business_name' does not exist on type '{ business_name: any; }[]'.
src/hooks/useFavorites.ts(288,16): error TS2345: Argument of type '(prev: FavoritesState) => { businesses: FavoriteBusiness[] | FavoriteCoupon[] | WishlistItem[]; coupons: FavoriteBusiness[] | FavoriteCoupon[] | WishlistItem[]; wishlist: FavoriteBusiness[] | ... 1 more ... | WishlistItem[]; isLoading: false; error: any; counts: { ...; }; }' is not assignable to parameter of type 'SetStateAction<FavoritesState>'.
  Type '(prev: FavoritesState) => { businesses: FavoriteBusiness[] | FavoriteCoupon[] | WishlistItem[]; coupons: FavoriteBusiness[] | FavoriteCoupon[] | WishlistItem[]; wishlist: FavoriteBusiness[] | ... 1 more ... | WishlistItem[]; isLoading: false; error: any; counts: { ...; }; }' is not assignable to type '(prevState: FavoritesState) => FavoritesState'.
    Call signature return types '{ businesses: FavoriteBusiness[] | FavoriteCoupon[] | WishlistItem[]; coupons: FavoriteBusiness[] | FavoriteCoupon[] | WishlistItem[]; wishlist: FavoriteBusiness[] | ... 1 more ... | WishlistItem[]; isLoading: false; error: any; counts: { ...; }; }' and 'FavoritesState' are incompatible.
      The types of 'businesses' are incompatible between these types.
        Type 'FavoriteBusiness[] | FavoriteCoupon[] | WishlistItem[]' is not assignable to type 'FavoriteBusiness[]'.
          Type 'FavoriteCoupon[]' is not assignable to type 'FavoriteBusiness[]'.
            Property 'active_coupons_count' is missing in type 'FavoriteCoupon' but required in type 'FavoriteBusiness'.
src/hooks/useFavorites.ts(460,15): error TS2339: Property 'info' does not exist on type '{ (message: Message, opts?: Partial<Pick<Toast, "style" | "id" | "icon" | "className" | "position" | "duration" | "ariaProps" | "iconTheme" | "toasterId" | "removeDelay">>): string; ... 8 more ...; promise<T>(promise: Promise<...> | (() => Promise<...>), msgs: { ...; }, opts?: DefaultToastOptions): Promise<...>; }'.
src/hooks/useFavorites.ts(539,17): error TS2339: Property 'info' does not exist on type '{ (message: Message, opts?: Partial<Pick<Toast, "style" | "id" | "icon" | "className" | "position" | "duration" | "ariaProps" | "iconTheme" | "toasterId" | "removeDelay">>): string; ... 8 more ...; promise<T>(promise: Promise<...> | (() => Promise<...>), msgs: { ...; }, opts?: DefaultToastOptions): Promise<...>; }'.
src/hooks/useFollow.ts(5,3): error TS2614: Module '"../services/followService"' has no exported member 'followUser'. Did you mean to use 'import followUser from "../services/followService"' instead?
src/hooks/useFollow.ts(6,3): error TS2614: Module '"../services/followService"' has no exported member 'unfollowUser'. Did you mean to use 'import unfollowUser from "../services/followService"' instead?
src/hooks/useFollow.ts(7,3): error TS2614: Module '"../services/followService"' has no exported member 'isFollowing'. Did you mean to use 'import isFollowing from "../services/followService"' instead?
src/hooks/useFollow.ts(8,3): error TS2614: Module '"../services/followService"' has no exported member 'getFollowers'. Did you mean to use 'import getFollowers from "../services/followService"' instead?
src/hooks/useFollow.ts(9,3): error TS2614: Module '"../services/followService"' has no exported member 'getFollowing'. Did you mean to use 'import getFollowing from "../services/followService"' instead?
src/hooks/useFollow.ts(10,3): error TS2614: Module '"../services/followService"' has no exported member 'getFollowerCount'. Did you mean to use 'import getFollowerCount from "../services/followService"' instead?
src/hooks/useFollow.ts(11,3): error TS2614: Module '"../services/followService"' has no exported member 'getFollowingCount'. Did you mean to use 'import getFollowingCount from "../services/followService"' instead?
src/hooks/useFollow.ts(12,3): error TS2614: Module '"../services/followService"' has no exported member 'getMutualFollowers'. Did you mean to use 'import getMutualFollowers from "../services/followService"' instead?
src/hooks/useFollow.ts(13,3): error TS2614: Module '"../services/followService"' has no exported member 'subscribeToFollowChanges'. Did you mean to use 'import subscribeToFollowChanges from "../services/followService"' instead?
src/hooks/useFollow.ts(15,25): error TS2307: Cannot find module '../contexts/AuthContext' or its corresponding type declarations.
src/hooks/useNotificationHandler.ts(102,36): error TS2339: Property 'remove' does not exist on type 'Promise<PluginListenerHandle>'.
src/hooks/useNotificationHandler.ts(103,34): error TS2339: Property 'remove' does not exist on type 'Promise<PluginListenerHandle>'.
src/hooks/useOffers.ts(339,5): error TS2353: Object literal may only specify known properties, and 'extendExpiry' does not exist in type 'UseOffersReturn'.
src/hooks/useProductSocial.ts(200,15): error TS2339: Property 'info' does not exist on type '{ (message: Message, opts?: Partial<Pick<Toast, "style" | "id" | "icon" | "className" | "position" | "duration" | "ariaProps" | "iconTheme" | "toasterId" | "removeDelay">>): string; ... 8 more ...; promise<T>(promise: Promise<...> | (() => Promise<...>), msgs: { ...; }, opts?: DefaultToastOptions): Promise<...>; }'.
src/hooks/useProductSocial.ts(216,15): error TS2339: Property 'info' does not exist on type '{ (message: Message, opts?: Partial<Pick<Toast, "style" | "id" | "icon" | "className" | "position" | "duration" | "ariaProps" | "iconTheme" | "toasterId" | "removeDelay">>): string; ... 8 more ...; promise<T>(promise: Promise<...> | (() => Promise<...>), msgs: { ...; }, opts?: DefaultToastOptions): Promise<...>; }'.
src/hooks/useSearch.ts(319,51): error TS2304: Cannot find name 'supabase'.
src/hooks/useSearch.ts(497,47): error TS2304: Cannot find name 'supabase'.
src/hooks/useSendMessage.ts(79,7): error TS2322: Type '"text" | "media"' is not assignable to type 'MessageType'.
  Type '"media"' is not assignable to type 'MessageType'.
src/hooks/useSendMessage.ts(79,20): error TS2339: Property 'contentType' does not exist on type 'SendMessageParams'.
src/hooks/useSendMessage.ts(140,9): error TS2353: Object literal may only specify known properties, and 'contentType' does not exist in type 'SendMessageParams'.
src/hooks/useSharingLimits.ts(193,5): error TS2322: Type '(recipientId: string, couponId: string, senderCollectionId: string) => Promise<{ success: boolean; message: string; }>' is not assignable to type '(recipientId: string, couponId: string) => Promise<{ success: boolean; message: string; }>'.
  Target signature provides too few arguments. Expected 3 or more, but got 2.
src/hooks/useSimpleFavorites.ts(230,15): error TS2339: Property 'info' does not exist on type '{ (message: Message, opts?: Partial<Pick<Toast, "style" | "id" | "icon" | "className" | "position" | "duration" | "ariaProps" | "iconTheme" | "toasterId" | "removeDelay">>): string; ... 8 more ...; promise<T>(promise: Promise<...> | (() => Promise<...>), msgs: { ...; }, opts?: DefaultToastOptions): Promise<...>; }'.
src/hooks/useUnifiedFavorites.ts(552,13): error TS2339: Property 'info' does not exist on type '{ (message: Message, opts?: Partial<Pick<Toast, "style" | "id" | "icon" | "className" | "position" | "duration" | "ariaProps" | "iconTheme" | "toasterId" | "removeDelay">>): string; ... 8 more ...; promise<T>(promise: Promise<...> | (() => Promise<...>), msgs: { ...; }, opts?: DefaultToastOptions): Promise<...>; }'.
src/lib/supabase.ts(66,3): error TS2345: Argument of type '{ auth: { storage: SupabaseStorageAdapter; autoRefreshToken: boolean; persistSession: boolean; detectSessionInUrl: boolean; flowType: string; storageKey: string; }; global: { ...; }; }' is not assignable to parameter of type 'SupabaseClientOptions<"public">'.
  The types of 'auth.flowType' are incompatible between these types.
    Type 'string' is not assignable to type 'AuthFlowType'.
src/pages/TempFriendRequests.tsx(147,35): error TS2339: Property 'avatar_url' does not exist on type '{ id: any; full_name: any; email: any; avatar_url: any; } | { id: any; full_name: string; email: string; }'.
  Property 'avatar_url' does not exist on type '{ id: any; full_name: string; email: string; }'.
src/pages/TempFriendRequests.tsx(149,43): error TS2339: Property 'avatar_url' does not exist on type '{ id: any; full_name: any; email: any; avatar_url: any; } | { id: any; full_name: string; email: string; }'.
  Property 'avatar_url' does not exist on type '{ id: any; full_name: string; email: string; }'.
src/pages/TestDealSharing.tsx(14,35): error TS1261: Already included file name 'C:/Users/umama/Documents/GitHub/sync_warp/src/components/sharing/index.ts' differs from file name 'C:/Users/umama/Documents/GitHub/sync_warp/src/components/Sharing/index.ts' only in casing.
  The file is in the program because:
    Imported via '../components/sharing' from file 'C:/Users/umama/Documents/GitHub/sync_warp/src/pages/TestDealSharing.tsx'
    Matched by include pattern 'src' in 'C:/Users/umama/Documents/GitHub/sync_warp/tsconfig.json'
src/pages/TestSearchFilters.tsx(14,49): error TS2339: Property 'removeFilter' does not exist on type '{ filters: FriendSearchFilters; updateFilters: (newFilters: Partial<FriendSearchFilters>) => void; clearFilters: () => void; hasActiveFilters: boolean; activeFilterCount: number; }'.
src/pages/TestSearchFilters.tsx(14,63): error TS2339: Property 'filterCount' does not exist on type '{ filters: FriendSearchFilters; updateFilters: (newFilters: Partial<FriendSearchFilters>) => void; clearFilters: () => void; hasActiveFilters: boolean; activeFilterCount: number; }'.
src/router/ProtectedRoute.tsx(262,23): error TS2304: Cannot find name 'prev'.
src/router/ProtectedRoute.tsx(262,30): error TS2304: Cannot find name 'prev'.
src/router/ProtectedRoute.tsx(270,25): error TS2304: Cannot find name 'prev'.
src/router/ProtectedRoute.tsx(270,32): error TS2304: Cannot find name 'prev'.
src/services/advancedSearchService.ts(610,83): error TS2339: Property 'category' does not exist on type '{ category: any; latitude: any; longitude: any; }[]'.
src/services/advancedSearchService.ts(665,21): error TS2339: Property 'toLocaleLowerCase' does not exist on type 'Date'.
src/services/contactSyncService.ts(6,20): error TS2724: '"@capacitor-community/contacts"' has no exported member named 'Contact'. Did you mean 'Contacts'?
src/services/couponService.ts(290,45): error TS2353: Object literal may only specify known properties, and 'status' does not exist in type 'Partial<CouponFormData>'.
src/services/couponService.ts(325,50): error TS2353: Object literal may only specify known properties, and 'status' does not exist in type 'Partial<CouponFormData>'.
src/services/dashboardService.ts(155,44): error TS2339: Property 'name' does not exist on type '{ name: any; }[]'.
src/services/dashboardService.ts(198,39): error TS2339: Property 'name' does not exist on type '{ name: any; }[]'.
src/services/friendService.ts(106,25): error TS2352: Conversion of type '{ user_id: any; length: number; toString(): string; toLocaleString(): string; toLocaleString(locales: string | string[], options?: Intl.NumberFormatOptions & Intl.DateTimeFormatOptions): string; ... 31 more ...; at(index: number): { ...; }; }' to type 'FriendProfile' may be a mistake because neither type sufficiently overlaps with the other. If this was intentional, convert the expression to 'unknown' first.
  Type '{ user_id: any; length: number; toString(): string; toLocaleString(): string; toLocaleString(locales: string | string[], options?: NumberFormatOptions & DateTimeFormatOptions): string; ... 31 more ...; at(index: number): { ...; }; }' is missing the following properties from type 'FriendProfile': id, full_name, email, is_online, and 2 more.
src/services/friendService.ts(371,7): error TS2322: Type '{ id: any; user_id: any; type: any; deal_id: any; deal_title: any; message: any; created_at: any; user_profile: any[]; }[]' is not assignable to type 'FriendActivity[]'.
  Type '{ id: any; user_id: any; type: any; deal_id: any; deal_title: any; message: any; created_at: any; user_profile: any[]; }' is not assignable to type 'FriendActivity'.
    Types of property 'user_profile' are incompatible.
      Type 'any[]' is missing the following properties from type 'FriendProfile': id, user_id, full_name, email, and 3 more.
src/services/index.ts(8,3): error TS2300: Duplicate identifier 'driverService'.
src/services/index.ts(27,3): error TS2300: Duplicate identifier 'targetingService'.
src/services/index.ts(38,21): error TS2300: Duplicate identifier 'driverService'.
src/services/index.ts(39,21): error TS2300: Duplicate identifier 'targetingService'.
src/services/mockTargetingService.ts(28,31): error TS2339: Property 'cities' does not exist on type 'TargetingRules'.
src/services/mockTargetingService.ts(28,47): error TS2339: Property 'cities' does not exist on type 'TargetingRules'.
src/services/mockTargetingService.ts(55,11): error TS2339: Property 'cities' does not exist on type 'TargetingRules'.
src/services/mockTargetingService.ts(120,23): error TS2339: Property 'cities' does not exist on type 'TargetingRules'.
src/services/mockTargetingService.ts(120,49): error TS2339: Property 'cities' does not exist on type 'TargetingRules'.
src/services/mockTargetingService.ts(137,23): error TS2339: Property 'cities' does not exist on type 'TargetingRules'.
src/services/mockTargetingService.ts(137,49): error TS2339: Property 'cities' does not exist on type 'TargetingRules'.
src/services/mockTargetingService.ts(138,21): error TS2339: Property 'cities' does not exist on type 'TargetingRules'.
src/services/presenceService.ts(63,44): error TS2445: Property 'supabaseUrl' is protected and only accessible within class 'SupabaseClient<Database, SchemaNameOrClientOptions, SchemaName, Schema, ClientOptions>' and its subclasses.
src/services/realtimeService.ts(212,63): error TS2339: Property 'id' does not exist on type '{} | Message'.
  Property 'id' does not exist on type '{}'.
src/services/realtimeService.ts(253,58): error TS2339: Property 'id' does not exist on type '{} | Message'.
  Property 'id' does not exist on type '{}'.
src/services/reviewService.ts(334,3): error TS2740: Type '{}' is missing the following properties from type 'ReviewStats': total_reviews, recommend_count, not_recommend_count, recommend_percentage, and 3 more.
src/services/searchService.ts(252,20): error TS2554: Expected 0-1 arguments, but got 2.
src/services/searchService.ts(316,20): error TS2554: Expected 0-1 arguments, but got 2.
src/services/searchService.ts(563,15): error TS2339: Property 'highlightedName' does not exist on type '{ highlightedTitle?: string; highlightedDescription?: string; }'.
src/services/targetingService.ts(72,13): error TS2339: Property 'min_purchases' does not exist on type 'TargetingRules'.
src/services/targetingService.ts(73,35): error TS2339: Property 'min_purchases' does not exist on type 'TargetingRules'.
src/services/targetingService.ts(193,22): error TS2339: Property 'cities' does not exist on type 'TargetingRules'.
src/services/targetingService.ts(193,38): error TS2339: Property 'cities' does not exist on type 'TargetingRules'.
src/services/targetingService.ts(194,41): error TS2339: Property 'cities' does not exist on type 'TargetingRules'.
src/services/targetingService.ts(235,22): error TS2339: Property 'cities' does not exist on type 'TargetingRules'.
src/services/targetingService.ts(235,38): error TS2339: Property 'cities' does not exist on type 'TargetingRules'.
src/services/targetingService.ts(236,41): error TS2339: Property 'cities' does not exist on type 'TargetingRules'.
src/services/targetingService.ts(333,12): error TS2339: Property 'cities' does not exist on type 'TargetingRules'.
src/services/targetingService.ts(333,28): error TS2339: Property 'cities' does not exist on type 'TargetingRules'.
src/services/targetingService.ts(349,11): error TS2339: Property 'cities' does not exist on type 'TargetingRules'.
src/services/targetingService.ts(426,23): error TS2339: Property 'cities' does not exist on type 'Partial<TargetingRules>'.
src/services/targetingService.ts(513,12): error TS2339: Property 'cities' does not exist on type 'TargetingRules'.
src/store/messagingStore.ts(373,41): error TS2345: Argument of type 'Set<unknown>' is not assignable to parameter of type 'Set<string>'.
  Type 'unknown' is not assignable to type 'string'.
src/store/messagingStore.ts(382,41): error TS2345: Argument of type 'Set<unknown>' is not assignable to parameter of type 'Set<string>'.
  Type 'unknown' is not assignable to type 'string'.
src/types/campaigns.ts(700,13): error TS2339: Property 'cities' does not exist on type 'TargetingRules'.
src/types/campaigns.ts(700,29): error TS2339: Property 'cities' does not exist on type 'TargetingRules'.
src/types/campaigns.ts(701,25): error TS2339: Property 'cities' does not exist on type 'TargetingRules'.
src/types/index.ts(13,1): error TS2308: Module './campaigns' has already exported a member named 'AGE_RANGES'. Consider explicitly re-exporting to resolve the ambiguity.
src/types/index.ts(13,1): error TS2308: Module './campaigns' has already exported a member named 'AgeRange'. Consider explicitly re-exporting to resolve the ambiguity.
src/types/index.ts(13,1): error TS2308: Module './campaigns' has already exported a member named 'CAMPAIGN_TYPES'. Consider explicitly re-exporting to resolve the ambiguity.
src/types/index.ts(13,1): error TS2308: Module './campaigns' has already exported a member named 'CampaignType'. Consider explicitly re-exporting to resolve the ambiguity.
src/types/index.ts(13,1): error TS2308: Module './campaigns' has already exported a member named 'DAYS_OF_WEEK'. Consider explicitly re-exporting to resolve the ambiguity.
src/types/index.ts(13,1): error TS2308: Module './campaigns' has already exported a member named 'DayOfWeek'. Consider explicitly re-exporting to resolve the ambiguity.
src/types/index.ts(13,1): error TS2308: Module './campaigns' has already exported a member named 'INCOME_LEVELS'. Consider explicitly re-exporting to resolve the ambiguity.
src/types/index.ts(13,1): error TS2308: Module './campaigns' has already exported a member named 'INTEREST_CATEGORIES'. Consider explicitly re-exporting to resolve the ambiguity.
src/types/index.ts(13,1): error TS2308: Module './campaigns' has already exported a member named 'IncomeLevel'. Consider explicitly re-exporting to resolve the ambiguity.
src/types/index.ts(13,1): error TS2308: Module './campaigns' has already exported a member named 'InterestCategory'. Consider explicitly re-exporting to resolve the ambiguity.
src/types/sharingLimits.ts(120,3): error TS2484: Export declaration conflicts with exported declaration of 'SharingLimitConfig'.
src/types/sharingLimits.ts(121,3): error TS2484: Export declaration conflicts with exported declaration of 'SharingLimits'.
src/types/sharingLimits.ts(122,3): error TS2484: Export declaration conflicts with exported declaration of 'CanShareResult'.
src/types/sharingLimits.ts(123,3): error TS2484: Export declaration conflicts with exported declaration of 'SharingStatsToday'.
src/types/sharingLimits.ts(124,3): error TS2484: Export declaration conflicts with exported declaration of 'FriendShareCount'.
src/types/sharingLimits.ts(125,3): error TS2484: Export declaration conflicts with exported declaration of 'CouponSharingLogEntry'.
src/types/sharingLimits.ts(126,3): error TS2484: Export declaration conflicts with exported declaration of 'LogCouponShareInput'.
src/types/sharingLimits.ts(127,3): error TS2484: Export declaration conflicts with exported declaration of 'SharingAnalytics'.
src/types/sharingLimits.ts(128,3): error TS2484: Export declaration conflicts with exported declaration of 'LimitExceededModalProps'.
src/types/sharingLimits.ts(129,3): error TS2484: Export declaration conflicts with exported declaration of 'SharingStatsCardProps'.
src/utils/notificationRouter.ts(88,82): error TS2339: Property 'businessName' does not exist on type 'NotificationMetadata'.
src/utils/notificationRouter.ts(94,85): error TS2339: Property 'businessName' does not exist on type 'NotificationMetadata'.
src/utils/notificationRouter.ts(130,85): error TS2339: Property 'businessName' does not exist on type 'NotificationMetadata'.
src/utils/performanceMonitoring.ts(1,17): error TS2305: Module '"web-vitals"' has no exported member 'onFID'.
src/utils/registerServiceWorker.ts(1,28): error TS2307: Cannot find module 'virtual:pwa-register' or its corresponding type declarations.
src/utils/test/checkinTestUtils.ts(209,11): error TS2741: Property 'toJSON' is missing in type '{ latitude: number; longitude: number; accuracy: number; altitude: null; altitudeAccuracy: null; heading: null; speed: null; }' but required in type 'GeolocationCoordinates'.
